Content-Type: multipart/mixed; boundary="===============0808224869=="
MIME-Version: 1.0
Subject: Hello
From: efrank938@gmail.com
To: frankdevspace@gmail.com
Date: Sat, 17 Sep 2022 04:12:16 -0000
Message-ID: <166338793636.14484.10943853912173870810@Frank>

--===============0808224869==
Content-Type: text/plain; charset="utf-8"
MIME-Version: 1.0
Content-Transfer-Encoding: 7bit

The Order from ZenCompany to Ramsgate
--===============0808224869==
Content-Type: text/csv; charset="utf-8"
MIME-Version: 1.0
Content-Transfer-Encoding: 7bit
Content-Disposition: attachment; filename="order.csv"

brand_description,generic_name,selected_unit,quantity_ordered,cost,total
SAFETELMI H TABS 80MG/12.5MG X 30,,FULL PACK,8,4360.0,34880.0
TECOTRIM TABS 960MG,,PACK,9,185.0,1665.0
DABAFLOX TABS 200MG,,PACK,3,420.0,1260.0
OBRON-6   X 90,,FOIL STRIP,7,211.27,1478.87
GABAPENTIN (MULTICOY)  TABS  X 100,,FULL PACK,9,5000.0,45000.0
ACECLOFENAC (MULTICOY) TABS  X 100,Aceclofenac,BLISTER,7,92.0,644.0

--===============0808224869==--

-------------------------------------------------------------------------------
