Content-Type: multipart/mixed; boundary="===============0882921334=="
MIME-Version: 1.0
Subject: Hello
From: efrank938@gmail.com
To: frankdevspace@gmail.com
Date: Sun, 18 Sep 2022 19:17:41 -0000
Message-ID: <166352866130.9800.13201401183689304410@Frank>

--===============0882921334==
Content-Type: text/plain; charset="utf-8"
MIME-Version: 1.0
Content-Transfer-Encoding: 7bit

The Order from ZenCompany to Ramsgate
--===============0882921334==
Content-Type: text/csv; charset="utf-8"
MIME-Version: 1.0
Content-Transfer-Encoding: 7bit
Content-Disposition: attachment; filename="order.csv"

brand_description,generic_name,selected_unit,quantity_ordered,cost,total
PAINKIL CAPLET  X 100,,FULL PACK,7,668.0,4676.0
JARDIANCE TABS 10MG X 30,,BLISTER,9,5833.33,52500.0

--===============0882921334==--

-------------------------------------------------------------------------------
