Content-Type: multipart/mixed; boundary="===============1229160080=="
MIME-Version: 1.0
Subject: Hello
From: efrank938@gmail.com
To: frankdevspace@gmail.com
Date: Fri, 16 Sep 2022 21:15:50 -0000
Message-ID: <166336295049.13388.12907963685532865282@Frank>

--===============1229160080==
Content-Type: text/plain; charset="utf-8"
MIME-Version: 1.0
Content-Transfer-Encoding: 7bit

The Order from ZenCompany to Ramsgate
--===============1229160080==
Content-Type: text/csv; charset="utf-8"
MIME-Version: 1.0
Content-Transfer-Encoding: 7bit
Content-Disposition: attachment; filename="order.csv"

brand_description,generic_name,selected_unit,quantity_ordered,cost,total
IBEX CAPS  X 24,Paracetamol\Ibuprofen\Caffeine,BLISTER,9,182.5,1642.5
HAEM F SYR 200ML,,BOTTLE,7,90.0,630.0
HAEMARON SYR  200ML,,BOTTLE,8,255.0,2040.0
HAEMOGLOBIN (HB) SCALE,,PCS,9,200.0,1800.0
FALCIMON TABS 100MG/270MG X 6,,PACK,6,150.0,900.0
JAWAMOX 125MG/5ML SUSP,Amoxicillin,BOTTLE,91,520.0,47320.0
HAEMARON SYR  200ML,,BOTTLE,6,255.0,1530.0
ZOGA X 4 TABS 100MG,,PACK,8,160.0,1280.0
LABDIC RELIEF TABS  X 200,,SACHET,9,73.5,661.5
MAALOX 100ML SUSP,,BOTTLE,8,800.0,6400.0
GABAPENTIN (MULTICOY)  TABS  X 100,,FULL PACK,8,5000.0,40000.0
TABASIL CREAM X 1,,TUBE,9,330.0,2970.0
JAWACLOX DROPS  90mg/0.6ml,,BOTTLE,8,400.0,3200.0
UGOBISUNATE TABS 20MG/120MG X 6,,PACK,9,210.0,1890.0
JARDIANCE TABS 10MG X 30,,BLISTER,9,5833.33,52500.0

--===============1229160080==--

-------------------------------------------------------------------------------
