Content-Type: multipart/mixed; boundary="===============1853060213=="
MIME-Version: 1.0
Subject: Hello
From: efrank938@gmail.com
To: frankdevspace@gmail.com
Date: Sat, 17 Sep 2022 05:14:22 -0000
Message-ID: <166339166286.14484.16685186035486132951@Frank>

--===============1853060213==
Content-Type: text/plain; charset="utf-8"
MIME-Version: 1.0
Content-Transfer-Encoding: 7bit

The Order from ZenCompany to Ramsgate
--===============1853060213==
Content-Type: text/csv; charset="utf-8"
MIME-Version: 1.0
Content-Transfer-Encoding: 7bit
Content-Disposition: attachment; filename="order.csv"

brand_description,generic_name,selected_unit,quantity_ordered,cost,total
FAMOTAB-40 TABS  X 20,,BLISTER,6,407.5,2445.0

--===============1853060213==--

-------------------------------------------------------------------------------
