Content-Type: multipart/mixed; boundary="===============0282278732=="
MIME-Version: 1.0
Subject: Hello
From: efrank938@gmail.com
To: frankdevspace@gmail.com
Date: Sun, 18 Sep 2022 21:23:36 -0000
Message-ID: <166353621694.13636.10982700309486684990@Frank>

--===============0282278732==
Content-Type: text/plain; charset="utf-8"
MIME-Version: 1.0
Content-Transfer-Encoding: 7bit

The Order from ZenCompany to Ramsgate
--===============0282278732==
Content-Type: text/csv; charset="utf-8"
MIME-Version: 1.0
Content-Transfer-Encoding: 7bit
Content-Disposition: attachment; filename="order.csv"

brand_description,generic_name,selected_unit,quantity_ordered,cost,total
JAWACLOX SUSP  100ML,,BOTTLE,7,525.0,3675.0
HAEMARON SYR  200ML,,BOTTLE,9,255.0,2295.0
BABYCCAN SYR 100ML X 1,Chlorpheniramine,BOTTLE,7,250.0,1750.0

--===============0282278732==--

-------------------------------------------------------------------------------
