Content-Type: multipart/mixed; boundary="===============1527825934=="
MIME-Version: 1.0
Subject: Hello
From: efrank938@gmail.com
To: frankdevspace@gmail.com
Date: Mon, 19 Sep 2022 07:34:59 -0000
Message-ID: <166357289934.14092.11653349761193493626@Frank>

--===============1527825934==
Content-Type: text/plain; charset="utf-8"
MIME-Version: 1.0
Content-Transfer-Encoding: 7bit

The Order from ZenCompany to Ramsgate
--===============1527825934==
Content-Type: text/csv; charset="utf-8"
MIME-Version: 1.0
Content-Transfer-Encoding: 7bit
Content-Disposition: attachment; filename="order.csv"

brand_description,generic_name,selected_unit,quantity_ordered,cost,total
HAEMARON SYR  200ML,,BOTTLE,9,255.0,2295.0
NALIDON X 20 TABS,,PACK,21,80.0,1680.0
HAEMARON CAPS X 30,,PACK,9,310.0,2790.0
ZADITEN EYE DROPS  5ML,Ketotifen,BOTTLE,3,1800.0,5400.0
NALOLYN EXPECTORANT SYR  100ML,,BOTTLE,7,350.0,2450.0
CABERDOST TABS 0.5MG X 4,Cabergoline,PACK,5,4200.0,21000.0

--===============1527825934==--

-------------------------------------------------------------------------------
