Content-Type: multipart/mixed; boundary="===============1292643356=="
MIME-Version: 1.0
Subject: Hello
From: efrank938@gmail.com
To: frankdevspace@gmail.com
Date: Sat, 17 Sep 2022 06:21:51 -0000
Message-ID: <166339571117.14484.9821960201816606650@Frank>

--===============1292643356==
Content-Type: text/plain; charset="utf-8"
MIME-Version: 1.0
Content-Transfer-Encoding: 7bit

The Order from ZenCompany to Ramsgate
--===============1292643356==
Content-Type: text/csv; charset="utf-8"
MIME-Version: 1.0
Content-Transfer-Encoding: 7bit
Content-Disposition: attachment; filename="order.csv"

brand_description,generic_name,selected_unit,quantity_ordered,cost,total
HAEMARON SYR  200ML,,BOTTLE,9,255.0,2295.0

--===============1292643356==--

-------------------------------------------------------------------------------
