Content-Type: multipart/mixed; boundary="===============1240581157=="
MIME-Version: 1.0
Subject: Hello
From: efrank938@gmail.com
To: frankdevspace@gmail.com
Date: Mon, 17 Oct 2022 08:04:59 -0000
Message-ID: <166599389971.14844.7289846177188328075@Frank>

--===============1240581157==
Content-Type: text/plain; charset="utf-8"
MIME-Version: 1.0
Content-Transfer-Encoding: 7bit

The Order from ZenCorp to Ramsgate
--===============1240581157==
Content-Type: text/csv; charset="utf-8"
MIME-Version: 1.0
Content-Transfer-Encoding: 7bit
Content-Disposition: attachment; filename="order.csv"

brand_description,generic_name,selected_unit,quantity_ordered,cost,total
XALATAN EYE DROPS  2.5ML,Latanoprost,BOTTLE,1,5080.0,5080.0
DAONIL AVENTIS TABS  X 100,Glibenclamide,FULL PACK,2,2650.0,5300.0
SABRESTEN CREAM  20G,Clotrimazole,TUBE,6,630.0,3780.0

--===============1240581157==--

-------------------------------------------------------------------------------
