Content-Type: multipart/mixed; boundary="===============0958402270=="
MIME-Version: 1.0
Subject: Hello
From: efrank938@gmail.com
To: frankdevspace@gmail.com
Date: Sun, 16 Oct 2022 20:28:52 -0000
Message-ID: <166595213240.11152.3368028524218396595@Frank>

--===============0958402270==
Content-Type: text/plain; charset="utf-8"
MIME-Version: 1.0
Content-Transfer-Encoding: 7bit

The Order from ZenCorp to Ramsgate
--===============0958402270==
Content-Type: text/csv; charset="utf-8"
MIME-Version: 1.0
Content-Transfer-Encoding: 7bit
Content-Disposition: attachment; filename="order.csv"

brand_description,generic_name,selected_unit,quantity_ordered,cost,total
XALATAN EYE DROPS  2.5ML,Latanoprost,BOTTLE,1,5080.0,5080.0
DAONIL AVENTIS TABS  X 100,Glibenclamide,FULL PACK,2,2650.0,5300.0
SABRESTEN CREAM  20G,Clotrimazole,TUBE,6,630.0,3780.0

--===============0958402270==--

-------------------------------------------------------------------------------
