Content-Type: multipart/mixed; boundary="===============0132759663=="
MIME-Version: 1.0
Subject: Hello
From: efrank938@gmail.com
To: frankdevspace@gmail.com
Date: Mon, 17 Oct 2022 16:09:55 -0000
Message-ID: <166602299563.7728.13628570827445525688@Frank>

--===============0132759663==
Content-Type: text/plain; charset="utf-8"
MIME-Version: 1.0
Content-Transfer-Encoding: 7bit

The Order from ZenCorp to Ramsgate
--===============0132759663==
Content-Type: text/csv; charset="utf-8"
MIME-Version: 1.0
Content-Transfer-Encoding: 7bit
Content-Disposition: attachment; filename="order.csv"

brand_description,generic_name,selected_unit,quantity_ordered,cost,total
XALATAN EYE DROPS  2.5ML,Latanoprost,BOTTLE,1,5080.0,5080.0
DAONIL AVENTIS TABS  X 100,Glibenclamide,FULL PACK,2,2650.0,5300.0
ACECLOFENAC (MULTICOY) TABS  X 100,Aceclofenac,BLISTER,6,92.0,552.0
SABRESTEN CREAM  20G,Clotrimazole,TUBE,8,630.0,5040.0

--===============0132759663==--

-------------------------------------------------------------------------------
