Content-Type: multipart/mixed; boundary="===============1621084151=="
MIME-Version: 1.0
Subject: Hello
From: localhost@gmail.com
To: myemail@gmail.com
Date: Fri, 09 Sep 2022 10:30:50 -0000
Message-ID: <166271945027.14788.472214946051371179@Frank>

--===============1621084151==
Content-Type: text/plain; charset="utf-8"
MIME-Version: 1.0
Content-Transfer-Encoding: 7bit

Your Leads
--===============1621084151==
Content-Type: text/csv; charset="utf-8"
MIME-Version: 1.0
Content-Transfer-Encoding: 7bit
Content-Disposition: attachment; filename="order.csv"

brand_description,generic_name,selected_unit,quantity_ordered,cost,total
DABAFORT X 100 TABS,,PACK,4,750.0,3000.0
JAWACLOX DROPS  90mg/0.6ml,,BOTTLE,6,400.0,2400.0
T. B. C (TINCTURE BENZ COMP)   100ML,,BOTTLE,6,1205.0,7230.0
SAFECUT 125ML,,BOTTLE,5,340.0,1700.0
H.D CREAM,,TUBE,9,300.0,2700.0
GABAPENTIN(MEDREICH) (HAB)  TABS 300MG X 100,,BLISTER,8,430.0,3440.0
A&D MEDICAL WRIST B.P MACHINE X 1,,PACK,5,14500.0,72500.0
JAWACLOX DROPS  90mg/0.6ml,,BOTTLE,9,400.0,3600.0
LABETALOL (LABET)  INJ 5MG 10ML,,AMPOULES,6,950.0,5700.0
FALCIMON TABS 100MG/270MG X 6,,PACK,11,150.0,1650.0
SABRESTEN (VAGINAL) CREAM 30G,,TUBE,7,380.0,2660.0
SACOVITE CAPS X 30,,PACK,4,150.0,600.0
H.D CREAM,,TUBE,7,300.0,2100.0
ACECLOFENAC (MULTICOY) TABS  X 100,Aceclofenac,FULL PACK,1,920.0,920.0

--===============1621084151==--

-------------------------------------------------------------------------------
