Content-Type: multipart/mixed; boundary="===============0887772907=="
MIME-Version: 1.0
Subject: Hello
From: efrank938@gmail.com
To: frankdevspace@gmail.com
Date: Mon, 17 Oct 2022 08:27:09 -0000
Message-ID: <166599522912.14844.5795183567876003802@Frank>

--===============0887772907==
Content-Type: text/plain; charset="utf-8"
MIME-Version: 1.0
Content-Transfer-Encoding: 7bit

The Order from ZenCorp to Ramsgate
--===============0887772907==
Content-Type: text/csv; charset="utf-8"
MIME-Version: 1.0
Content-Transfer-Encoding: 7bit
Content-Disposition: attachment; filename="order.csv"

brand_description,generic_name,selected_unit,quantity_ordered,cost,total
XALATAN EYE DROPS  2.5ML,Latanoprost,BOTTLE,1,5080.0,5080.0
DAONIL AVENTIS TABS  X 100,Glibenclamide,FULL PACK,2,2650.0,5300.0
SABRESTEN CREAM  20G,Clotrimazole,TUBE,6,630.0,3780.0
ACECLOFENAC (MULTICOY) TABS  X 100,Aceclofenac,BLISTER,4,92.0,368.0

--===============0887772907==--

-------------------------------------------------------------------------------
