Content-Type: multipart/mixed; boundary="===============0796792547=="
MIME-Version: 1.0
Subject: Hello
From: efrank938@gmail.com
To: frankdevspace@gmail.com
Date: Tue, 20 Sep 2022 06:42:10 -0000
Message-ID: <166365613049.12084.14336155663511251553@Frank>

--===============0796792547==
Content-Type: text/plain; charset="utf-8"
MIME-Version: 1.0
Content-Transfer-Encoding: 7bit

The Order from ZenCompany to Ramsgate
--===============0796792547==
Content-Type: text/csv; charset="utf-8"
MIME-Version: 1.0
Content-Transfer-Encoding: 7bit
Content-Disposition: attachment; filename="order.csv"

brand_description,generic_name,selected_unit,quantity_ordered,cost,total
DABAPAIN TABS 50MG X 20,,FULL PACK,5,110.0,550.0
XALACOM EYE DROPS 0.4% 2.5ML,,BOTTLE,9,5150.0,46350.0

--===============0796792547==--

-------------------------------------------------------------------------------
