Content-Type: multipart/mixed; boundary="===============0514258229=="
MIME-Version: 1.0
Subject: Hello
From: efrank938@gmail.com
To: frankdevspace@gmail.com
Date: Sun, 18 Sep 2022 17:04:38 -0000
Message-ID: <166352067874.9800.18152502737879245761@Frank>

--===============0514258229==
Content-Type: text/plain; charset="utf-8"
MIME-Version: 1.0
Content-Transfer-Encoding: 7bit

The Order from ZenCompany to Ramsgate
--===============0514258229==
Content-Type: text/csv; charset="utf-8"
MIME-Version: 1.0
Content-Transfer-Encoding: 7bit
Content-Disposition: attachment; filename="order.csv"

brand_description,generic_name,selected_unit,quantity_ordered,cost,total
ZEDEX COLD TABS 350MG X 10,,PACK,5,750.0,3750.0
GABAPENTIN (MULTICOY)  TABS  X 100,,BLISTER,8,500.0,4000.0
GABAPENTIN (MULTICOY)  TABS  X 100,,FULL PACK,9,5000.0,45000.0

--===============0514258229==--

-------------------------------------------------------------------------------
