Content-Type: multipart/mixed; boundary="===============0586434055=="
MIME-Version: 1.0
Subject: Hello
From: efrank938@gmail.com
To: frankdevspace@gmail.com
Date: Sun, 25 Sep 2022 10:21:59 -0000
Message-ID: <166410131985.3788.12208176505363268353@Frank>

--===============0586434055==
Content-Type: text/plain; charset="utf-8"
MIME-Version: 1.0
Content-Transfer-Encoding: 7bit

The Order from ZenCompany to Ramsgate
--===============0586434055==
Content-Type: text/csv; charset="utf-8"
MIME-Version: 1.0
Content-Transfer-Encoding: 7bit
Content-Disposition: attachment; filename="order.csv"

brand_description,generic_name,selected_unit,quantity_ordered,cost,total
JARDIANCE TABS 10MG X 30,,FULL PACK,8,17500.0,140000.0
LABET INJ 50MG X 1,Labetalol,AMPOULES,5,950.0,4750.0
M2-TONE X 20 TABS,,PACK,6,1950.0,11700.0
KACHAM TABS,,PACK,9,400.0,3600.0
JARDIANCE TABS 10MG X 30,,BLISTER,9,5833.33,52500.0
KACHAM TABS,,PACK,1,400.0,400.0
KADPHAGE TABS  X 30,,FULL PACK,7,1250.0,8750.0
ANGIZAR TABS 50MG X 30,Losartan and Hydrochlorothiazide,FULL PACK,1,1850.0,1850.0
ASARTAN-H TABS 50/12.5 X 30,Losartan and Hydrochlorothiazide,FULL PACK,1,1350.0,1350.0

--===============0586434055==--

-------------------------------------------------------------------------------
