Content-Type: multipart/mixed; boundary="===============1227484672=="
MIME-Version: 1.0
Subject: Hello
From: efrank938@gmail.com
To: frankdevspace@gmail.com
Date: Fri, 16 Sep 2022 19:46:14 -0000
Message-ID: <166335757499.5484.9243950384159607634@Frank>

--===============1227484672==
Content-Type: text/plain; charset="utf-8"
MIME-Version: 1.0
Content-Transfer-Encoding: 7bit

The Order from ZenCompany to Ramsgate
--===============1227484672==
Content-Type: text/csv; charset="utf-8"
MIME-Version: 1.0
Content-Transfer-Encoding: 7bit
Content-Disposition: attachment; filename="order.csv"

brand_description,generic_name,selected_unit,quantity_ordered,cost,total
XARELTO TABS 15MG X 14,,PACK,9,14500.0,130500.0
FALCIMON TABS 100MG/270MG X 6,,PACK,11,150.0,1650.0
H.D CREAM,,TUBE,91,300.0,27300.0
T. B. C (TINCTURE BENZ COMP)   100ML,,BOTTLE,6,1205.0,7230.0
SAFECUT 125ML,,BOTTLE,5,340.0,1700.0
GABAPENTIN(MEDREICH) (HAB)  TABS 300MG X 100,,BLISTER,8,430.0,3440.0
A&D MEDICAL WRIST B.P MACHINE X 1,,PACK,5,14500.0,72500.0
JAWACLOX DROPS  90mg/0.6ml,,BOTTLE,9,400.0,3600.0
LABETALOL (LABET)  INJ 5MG 10ML,,AMPOULES,6,950.0,5700.0
SABRESTEN (VAGINAL) CREAM 30G,,TUBE,7,380.0,2660.0
ACECLOFENAC (MULTICOY) TABS  X 100,Aceclofenac,FULL PACK,11,920.0,10120.0
H.D CREAM,,TUBE,70,300.0,21000.0
GEBEXIME TABS 500MG X 10,,PACK,8,900.0,7200.0

--===============1227484672==--

-------------------------------------------------------------------------------
