Content-Type: multipart/mixed; boundary="===============1816195043=="
MIME-Version: 1.0
Subject: Hello
From: efrank938@gmail.com
To: frankdevspace@gmail.com
Date: Mon, 19 Sep 2022 22:23:40 -0000
Message-ID: <166362622064.12084.17083952327723685022@Frank>

--===============1816195043==
Content-Type: text/plain; charset="utf-8"
MIME-Version: 1.0
Content-Transfer-Encoding: 7bit

The Order from ZenCompany to Ramsgate
--===============1816195043==
Content-Type: text/csv; charset="utf-8"
MIME-Version: 1.0
Content-Transfer-Encoding: 7bit
Content-Disposition: attachment; filename="order.csv"

brand_description,generic_name,selected_unit,quantity_ordered,cost,total
ULGICID SUSP  200ML,,BOTTLE,9,905.0,8145.0
M2-TONE X 20 TABS,,PACK,61,1950.0,118950.0
JARDIANCE TABS 10MG X 30,,FULL PACK,8,17500.0,140000.0
LABET INJ 50MG X 1,Labetalol,AMPOULES,7,950.0,6650.0
KADPHAGE TABS  X 30,,FULL PACK,71,1250.0,88750.0
KADPHAGE TABS  X 30,,FULL PACK,9,1250.0,11250.0

--===============1816195043==--

-------------------------------------------------------------------------------
