Content-Type: multipart/mixed; boundary="===============0343830412=="
MIME-Version: 1.0
Subject: Hello
From: efrank938@gmail.com
To: frankdevspace@gmail.com
Date: Sun, 18 Sep 2022 18:53:25 -0000
Message-ID: <166352720552.9800.16408822005104503526@Frank>

--===============0343830412==
Content-Type: text/plain; charset="utf-8"
MIME-Version: 1.0
Content-Transfer-Encoding: 7bit

The Order from ZenCompany to Ramsgate
--===============0343830412==
Content-Type: text/csv; charset="utf-8"
MIME-Version: 1.0
Content-Transfer-Encoding: 7bit
Content-Disposition: attachment; filename="order.csv"

brand_description,generic_name,selected_unit,quantity_ordered,cost,total
LABET INJ 50MG X 1,Labetalol,AMPOULES,8,950.0,7600.0

--===============0343830412==--

-------------------------------------------------------------------------------
