Content-Type: multipart/mixed; boundary="===============0015846290=="
MIME-Version: 1.0
Subject: Hello
From: efrank938@gmail.com
To: frankdevspace@gmail.com
Date: Sat, 17 Sep 2022 06:20:06 -0000
Message-ID: <166339560693.14484.1831629672937964218@Frank>

--===============0015846290==
Content-Type: text/plain; charset="utf-8"
MIME-Version: 1.0
Content-Transfer-Encoding: 7bit

The Order from ZenCompany to Ramsgate
--===============0015846290==
Content-Type: text/csv; charset="utf-8"
MIME-Version: 1.0
Content-Transfer-Encoding: 7bit
Content-Disposition: attachment; filename="order.csv"

brand_description,generic_name,selected_unit,quantity_ordered,cost,total
SABRESTEN (VAGINAL) CREAM 30G,,TUBE,8,380.0,3040.0

--===============0015846290==--

-------------------------------------------------------------------------------
