Content-Type: multipart/mixed; boundary="===============0370271567=="
MIME-Version: 1.0
Subject: Hello
From: efrank938@gmail.com
To: frankdevspace@gmail.com
Date: Sun, 18 Sep 2022 21:21:10 -0000
Message-ID: <166353607098.13636.23556448723239142@Frank>

--===============0370271567==
Content-Type: text/plain; charset="utf-8"
MIME-Version: 1.0
Content-Transfer-Encoding: 7bit

The Order from ZenCompany to Ramsgate
--===============0370271567==
Content-Type: text/csv; charset="utf-8"
MIME-Version: 1.0
Content-Transfer-Encoding: 7bit
Content-Disposition: attachment; filename="order.csv"

brand_description,generic_name,selected_unit,quantity_ordered,cost,total
ACECLOFENAC (MULTICOY) TABS  X 100,Aceclofenac,FULL PACK,4,920.0,3680.0
ZADITEN EYE DROPS  5ML,Ketotifen,BOTTLE,9,1800.0,16200.0
SABRESTEN CREAM  20G,Clotrimazole,TUBE,8,630.0,5040.0
DABAFORT X 100 TABS,,PACK,1,750.0,750.0
NAICIN P/P TABS 100MG X 100,,JAR,8,2000.0,16000.0
DABAFLOX TABS 200MG,,PACK,7,420.0,2940.0

--===============0370271567==--

-------------------------------------------------------------------------------
