Content-Type: multipart/mixed; boundary="===============0158678913=="
MIME-Version: 1.0
Subject: Hello
From: efrank938@gmail.com
To: frankdevspace@gmail.com
Date: Tue, 20 Sep 2022 19:54:14 -0000
Message-ID: <166370365479.10140.10124296741279552940@Frank>

--===============0158678913==
Content-Type: text/plain; charset="utf-8"
MIME-Version: 1.0
Content-Transfer-Encoding: 7bit

The Order from ZenCompany to Ramsgate
--===============0158678913==
Content-Type: text/csv; charset="utf-8"
MIME-Version: 1.0
Content-Transfer-Encoding: 7bit
Content-Disposition: attachment; filename="order.csv"

brand_description,generic_name,selected_unit,quantity_ordered,cost,total
HAEMARON SYR  200ML,,BOTTLE,9,255.0,2295.0
DABAPAIN TABS 50MG X 20,,FULL PACK,5,110.0,550.0
XALACOM EYE DROPS 0.4% 2.5ML,,BOTTLE,9,5150.0,46350.0

--===============0158678913==--

-------------------------------------------------------------------------------
