Content-Type: multipart/mixed; boundary="===============1371121732=="
MIME-Version: 1.0
Subject: Hello
From: efrank938@gmail.com
To: frankdevspace@gmail.com
Date: Wed, 05 Oct 2022 23:14:36 -0000
Message-ID: <166501167640.5208.11227049776502648592@Frank>

--===============1371121732==
Content-Type: text/plain; charset="utf-8"
MIME-Version: 1.0
Content-Transfer-Encoding: 7bit

The Order from ZenCompany to Ramsgate
--===============1371121732==
Content-Type: text/csv; charset="utf-8"
MIME-Version: 1.0
Content-Transfer-Encoding: 7bit
Content-Disposition: attachment; filename="order.csv"

brand_description,generic_name,selected_unit,quantity_ordered,cost,total
,,FULL PACK,1,2879.0,2879.0
,,BLISTER,8,5833.33,46666.67
NILGAR TABS 30MG X 30,Pioglitazone,BLISTER,1,903.33,903.33
ANGIZAR TABS 50MG X 30,Losartan and Hydrochlorothiazide,BLISTER,7,616.67,4316.67
KACHAM TABS,,PACK,1,400.0,400.0
KADPHAGE TABS  X 30,,FULL PACK,7,1250.0,8750.0
GAPRIL TABS 5MG X 28,Lisinopril,FULL PACK,1,360.0,360.0
ASARTAN-H TABS 50/12.5 X 30,Losartan and Hydrochlorothiazide,FULL PACK,1,1350.0,1350.0
LISINOPRIL (TEVA) TABS 10MG X 28,Lisinopril,FULL PACK,1,1400.0,1400.0
NILGAR 15 TABS  X 30,Pioglitazone,FULL PACK,3,2250.0,6750.0
M2-TONE X 20 TABS,,PACK,6,1950.0,11700.0
KACHAM TABS,,PACK,9,400.0,3600.0
,,PACK,3,4950.0,14850.0
LABET INJ 50MG X 1,Labetalol,AMPOULES,5,950.0,4750.0
,,FULL PACK,1,1450.0,1450.0
,,FULL PACK,2,5900.0,11800.0

--===============1371121732==--

-------------------------------------------------------------------------------
