Content-Type: multipart/mixed; boundary="===============0604884046=="
MIME-Version: 1.0
Subject: Hello
From: efrank938@gmail.com
To: frankdevspace@gmail.com
Date: Sun, 18 Sep 2022 21:24:22 -0000
Message-ID: <166353626292.13636.4753870010828967379@Frank>

--===============0604884046==
Content-Type: text/plain; charset="utf-8"
MIME-Version: 1.0
Content-Transfer-Encoding: 7bit

The Order from ZenCompany to Ramsgate
--===============0604884046==
Content-Type: text/csv; charset="utf-8"
MIME-Version: 1.0
Content-Transfer-Encoding: 7bit
Content-Disposition: attachment; filename="order.csv"

brand_description,generic_name,selected_unit,quantity_ordered,cost,total
JAWACLOX SUSP  100ML,,BOTTLE,9,525.0,4725.0
HAEM F SYR 200ML,,BOTTLE,9,90.0,810.0

--===============0604884046==--

-------------------------------------------------------------------------------
