Content-Type: multipart/mixed; boundary="===============1478170138=="
MIME-Version: 1.0
Subject: Hello
From: localhost@gmail.com
To: myemail@gmail.com
Date: Fri, 09 Sep 2022 18:23:27 -0000
Message-ID: <166274780778.6468.17508579773720884707@Frank>

--===============1478170138==
Content-Type: text/plain; charset="utf-8"
MIME-Version: 1.0
Content-Transfer-Encoding: 7bit

Your Leads
--===============1478170138==
Content-Type: text/csv; charset="utf-8"
MIME-Version: 1.0
Content-Transfer-Encoding: 7bit
Content-Disposition: attachment; filename="order.csv"

brand_description,generic_name,selected_unit,quantity_ordered,cost,total
JAWACLOX DROPS  90mg/0.6ml,,BOTTLE,20,400.0,8000.0
DABAFLOX TABS 200MG,,PACK,34,420.0,14280.0
DABAPAIN TABS  X 100,,SACHET,51,60.0,3060.0
HAEMARON SYR  200ML,,BOTTLE,4,255.0,1020.0
JAWACLOX DROPS  90mg/0.6ml,,BOTTLE,8,400.0,3200.0
AC-CLOX SUSP 250MG/5ML 60ML,,BOTTLE,4,0.0,0.0

--===============1478170138==--

-------------------------------------------------------------------------------
