Content-Type: multipart/mixed; boundary="===============0585722810=="
MIME-Version: 1.0
Subject: Hello
From: efrank938@gmail.com
To: frankdevspace@gmail.com
Date: Sun, 18 Sep 2022 19:41:44 -0000
Message-ID: <166353010440.9800.14442017097708302853@Frank>

--===============0585722810==
Content-Type: text/plain; charset="utf-8"
MIME-Version: 1.0
Content-Transfer-Encoding: 7bit

The Order from ZenCompany to Ramsgate
--===============0585722810==
Content-Type: text/csv; charset="utf-8"
MIME-Version: 1.0
Content-Transfer-Encoding: 7bit
Content-Disposition: attachment; filename="order.csv"

brand_description,generic_name,selected_unit,quantity_ordered,cost,total
JAWARON CAPLET  X 120,,FULL PACK,9,2650.0,23850.0
GABIX CAPS 100MG X 10,Gabapentin,PACK,9,400.0,3600.0

--===============0585722810==--

-------------------------------------------------------------------------------
