Content-Type: multipart/mixed; boundary="===============1584716333=="
MIME-Version: 1.0
Subject: Hello
From: efrank938@gmail.com
To: frankdevspace@gmail.com
Date: Sun, 18 Sep 2022 14:54:24 -0000
Message-ID: <166351286415.9800.17445463384428718340@Frank>

--===============1584716333==
Content-Type: text/plain; charset="utf-8"
MIME-Version: 1.0
Content-Transfer-Encoding: 7bit

The Order from ZenCompany to Ramsgate
--===============1584716333==
Content-Type: text/csv; charset="utf-8"
MIME-Version: 1.0
Content-Transfer-Encoding: 7bit
Content-Disposition: attachment; filename="order.csv"

brand_description,generic_name,selected_unit,quantity_ordered,cost,total
HAEMARON CAPS X 30,,PACK,9,310.0,2790.0
KACHAM TABS,,PACK,8,400.0,3200.0
KACHAM TABS,,PACK,9,400.0,3600.0
LABDIC RELIEF TABS  X 200,,SACHET,9,73.5,661.5
ZADIP COD LIVER CAPS 1000MG X 30,,BLISTER,9,130.0,1170.0
PAINKIL CAPLET  X 100,,BLISTER,9,66.8,601.2
ZADITEN EYE DROPS  5ML,Ketotifen,BOTTLE,9,1800.0,16200.0
ZADITEN EYE DROPS  5ML,Ketotifen,BOTTLE,1,1800.0,1800.0
JIGSIMUR PLUS SYR X 1,,JAR,9,12000.0,108000.0
ZADITEN EYE DROPS  5ML,Ketotifen,BOTTLE,5,1800.0,9000.0
ZADITEN EYE DROPS  5ML,Ketotifen,BOTTLE,7,1800.0,12600.0
A&D MEDICAL B.P MACHINE X 1,,PACK,4,24000.0,96000.0
KACHAM TABS,,PACK,9,400.0,3600.0

--===============1584716333==--

-------------------------------------------------------------------------------
