Content-Type: multipart/mixed; boundary="===============1101553620=="
MIME-Version: 1.0
Subject: Hello
From: efrank938@gmail.com
To: frankdevspace@gmail.com
Date: Sat, 17 Sep 2022 05:13:56 -0000
Message-ID: <166339163676.14484.17304202535983850271@Frank>

--===============1101553620==
Content-Type: text/plain; charset="utf-8"
MIME-Version: 1.0
Content-Transfer-Encoding: 7bit

The Order from ZenCompany to Ramsgate
--===============1101553620==
Content-Type: text/csv; charset="utf-8"
MIME-Version: 1.0
Content-Transfer-Encoding: 7bit
Content-Disposition: attachment; filename="order.csv"

brand_description,generic_name,selected_unit,quantity_ordered,cost,total
GABIX CAPS 300MG X 10,Gabapentin,PACK,7,700.0,4900.0

--===============1101553620==--

-------------------------------------------------------------------------------
