Content-Type: multipart/mixed; boundary="===============1332719164=="
MIME-Version: 1.0
Subject: Hello
From: efrank938@gmail.com
To: frankdevspace@gmail.com
Date: Sun, 18 Sep 2022 14:58:05 -0000
Message-ID: <166351308585.9800.11549483261678807307@Frank>

--===============1332719164==
Content-Type: text/plain; charset="utf-8"
MIME-Version: 1.0
Content-Transfer-Encoding: 7bit

The Order from ZenCompany to Ramsgate
--===============1332719164==
Content-Type: text/csv; charset="utf-8"
MIME-Version: 1.0
Content-Transfer-Encoding: 7bit
Content-Disposition: attachment; filename="order.csv"

brand_description,generic_name,selected_unit,quantity_ordered,cost,total
HAEM F SYR 200ML,,BOTTLE,9,90.0,810.0
HAEMARON CAPS X 30,,PACK,7,310.0,2170.0
HAEM F SYR 200ML,,BOTTLE,9,90.0,810.0
KACIPTIN TABS X 10,,PACK,9,1195.0,10755.0
DABAFLOX TABS 200MG,,PACK,21,420.0,8820.0
MAALOX 100ML SUSP,,BOTTLE,9,800.0,7200.0
KACIPTIN TABS X 10,,PACK,6,1195.0,7170.0
EASADOL CAPLET 500MG X 100,,SACHET,2,60.0,120.0
OBIFEN SYR 100ML/5ML,,BOTTLE,9,200.0,1800.0
KACHAM TABS,,PACK,9,400.0,3600.0
A&D MEDICAL B.P MACHINE X 1,,PACK,9,24000.0,216000.0
PAEDIATRIC ZINC SULPHATE DISPERSIBLE TABS 20MG X 10,,PACK,4,120.0,480.0

--===============1332719164==--

-------------------------------------------------------------------------------
