Content-Type: multipart/mixed; boundary="===============1630619291=="
MIME-Version: 1.0
Subject: Hello
From: efrank938@gmail.com
To: frankdevspace@gmail.com
Date: Sat, 17 Sep 2022 05:13:48 -0000
Message-ID: <166339162864.14484.6987281529065956921@Frank>

--===============1630619291==
Content-Type: text/plain; charset="utf-8"
MIME-Version: 1.0
Content-Transfer-Encoding: 7bit

The Order from ZenCompany to Ramsgate
--===============1630619291==
Content-Type: text/csv; charset="utf-8"
MIME-Version: 1.0
Content-Transfer-Encoding: 7bit
Content-Disposition: attachment; filename="order.csv"

brand_description,generic_name,selected_unit,quantity_ordered,cost,total
GABIX CAPS 300MG X 10,Gabapentin,PACK,7,700.0,4900.0

--===============1630619291==--

-------------------------------------------------------------------------------
