Content-Type: multipart/mixed; boundary="===============1232944559=="
MIME-Version: 1.0
Subject: Hello
From: efrank938@gmail.com
To: frankdevspace@gmail.com
Date: Sun, 18 Sep 2022 19:08:45 -0000
Message-ID: <166352812517.9800.12925800687391867818@Frank>

--===============1232944559==
Content-Type: text/plain; charset="utf-8"
MIME-Version: 1.0
Content-Transfer-Encoding: 7bit

The Order from ZenCompany to Ramsgate
--===============1232944559==
Content-Type: text/csv; charset="utf-8"
MIME-Version: 1.0
Content-Transfer-Encoding: 7bit
Content-Disposition: attachment; filename="order.csv"

brand_description,generic_name,selected_unit,quantity_ordered,cost,total
JAWACLOX SUSP  100ML,,BOTTLE,9,525.0,4725.0
HAEMOPLEX SYR X 1,,BOTTLE,9,815.0,7335.0
KACIPTIN TABS X 10,,PACK,6,1195.0,7170.0

--===============1232944559==--

-------------------------------------------------------------------------------
