Content-Type: multipart/mixed; boundary="===============1315176672=="
MIME-Version: 1.0
Subject: Hello
From: localhost@gmail.com
To: myemail@gmail.com
Date: Sun, 11 Sep 2022 20:53:30 -0000
Message-ID: <166292961098.4148.16694118243219979085@Frank>

--===============1315176672==
Content-Type: text/plain; charset="utf-8"
MIME-Version: 1.0
Content-Transfer-Encoding: 7bit

Your Leads
--===============1315176672==
Content-Type: text/csv; charset="utf-8"
MIME-Version: 1.0
Content-Transfer-Encoding: 7bit
Content-Disposition: attachment; filename="order.csv"

brand_description,generic_name,selected_unit,quantity_ordered,cost,total
TECOTRIM TABS 960MG,,PACK,9,185.0,1665.0
DABAFLOX TABS 200MG,,PACK,34,420.0,14280.0
SAFETELMI H TABS 80MG/12.5MG X 30,,FULL PACK,8,4360.0,34880.0
GABAPENTIN(MEDREICH) (HAB)  TABS 300MG X 100,,BLISTER,77,430.0,33110.0
FACEMASK   X 50,,PCS,71,30.0,2130.0
OBRON-6   X 90,,FOIL STRIP,7,211.27,1478.87
GABAPENTIN (MULTICOY)  TABS  X 100,,FULL PACK,9,5000.0,45000.0

--===============1315176672==--

-------------------------------------------------------------------------------
