Content-Type: multipart/mixed; boundary="===============2050833134=="
MIME-Version: 1.0
Subject: Hello
From: efrank938@gmail.com
To: frankdevspace@gmail.com
Date: Sat, 17 Sep 2022 04:12:39 -0000
Message-ID: <166338795924.14484.17854524529887464410@Frank>

--===============2050833134==
Content-Type: text/plain; charset="utf-8"
MIME-Version: 1.0
Content-Transfer-Encoding: 7bit

The Order from ZenCompany to Ramsgate
--===============2050833134==
Content-Type: text/csv; charset="utf-8"
MIME-Version: 1.0
Content-Transfer-Encoding: 7bit
Content-Disposition: attachment; filename="order.csv"

brand_description,generic_name,selected_unit,quantity_ordered,cost,total
ACECLOFENAC (MULTICOY) TABS  X 100,Aceclofenac,BLISTER,5,92.0,460.0
JAWACLOX SUSP  100ML,,BOTTLE,6,525.0,3150.0

--===============2050833134==--

-------------------------------------------------------------------------------
