Content-Type: multipart/mixed; boundary="===============1989028600=="
MIME-Version: 1.0
Subject: Hello
From: efrank938@gmail.com
To: frankdevspace@gmail.com
Date: Thu, 09 Feb 2023 22:15:05 -0000
Message-ID: <167598090578.9668.12613086091548144822@Frank>

--===============1989028600==
Content-Type: text/plain; charset="utf-8"
MIME-Version: 1.0
Content-Transfer-Encoding: 7bit

The Order from ZenCorp to Ramsgate
--===============1989028600==
Content-Type: text/csv; charset="utf-8"
MIME-Version: 1.0
Content-Transfer-Encoding: 7bit
Content-Disposition: attachment; filename="order.csv"

brand_description,generic_name,selected_unit,quantity_ordered,cost,total
PARACETAMOL (EMZOR)  TABS 500MG X 96,Paracetamol,FULL PACK,5000,460.0,2300000.0
PARACETAMOL (EMZOR)  TABS 500MG X 96,Paracetamol,FULL PACK,5,460.0,2300.0

--===============1989028600==--

-------------------------------------------------------------------------------
